projects/amazon-trend-analyzer/qb_chunks/page_226_skip226000.csv
ASIN Buyability Flag,asin_status,CVR%,revenue,asp,units,gv,Images #,Videos #,Has A+ Content,Buybox Winner,Average Rating,Number of Ratings,bb_price,Ad CTR%,Ad CVR%,bsr,brand,Ad CPC$,ASIN (Description),Update Type,Sold By Amazon,Has Coupon?,Has Store Link?,In Stock Today?,category,Sellable On Hand Units,asin,date,Ad Cost,Ad Sales,Ad Clicks,Ad Impressions,Ad Conversions
In Stock,ACTIVE,0.5,660.0,14.35,46.0,92.0,5.0,0.0,True,,4.5,1489.0,14.67,,,71.0,Clorox Pro,,B09MJHJB3N (Clorox Pro - Sanitizing Hand Wipes - 270ct Canister - NDC# 69540-0036-4),[],True,False,False,True,Pro Hand Care,7199.0,B09MJHJB3N,2025-10-18,,,,,
In Stock,ACTIVE,0.557,895.0,13.15,68.0,122.0,5.0,0.0,True,,4.5,1488.0,14.67,,,74.0,Clorox Pro,,B09MJHJB3N (Clorox Pro - Sanitizing Hand Wipes - 270ct Canister - NDC# 69540-0036-4),[],True,False,False,True,Pro Hand Care,6796.0,B09MJHJB3N,2025-10-17,,,,,
In Stock,ACTIVE,1.05,1245.0,11.86,105.0,100.0,5.0,0.0,True,,4.5,1488.0,12.99,,,73.0,Clorox Pro,,B09MJHJB3N (Clorox Pro - Sanitizing Hand Wipes - 270ct Canister - NDC# 69540-0036-4),[],True,False,False,True,Pro Hand Care,6733.0,B09MJHJB3N,2025-10-16,,,,,
In Stock,ACTIVE,0.68,838.0,12.69,66.0,97.0,5.0,0.0,True,,4.5,1488.0,12.99,,,70.0,Clorox Pro,,B09MJHJB3N (Clorox Pro - Sanitizing Hand Wipes - 270ct Canister - NDC# 69540-0036-4),[],True,False,False,True,Pro Hand Care,6303.0,B09MJHJB3N,2025-10-15,,,,,
In Stock,ACTIVE,0.654,1056.0,11.87,89.0,136.0,5.0,0.0,True,,4.5,1487.0,12.36,,,70.0,Clorox Pro,,B09MJHJB3N (Clorox Pro - Sanitizing Hand Wipes - 270ct Canister - NDC# 69540-0036-4),[],True,False,False,True,Pro Hand Care,6421.0,B09MJHJB3N,2025-10-14,,,,,
In Stock,ACTIVE,0.76,1110.0,11.68,95.0,125.0,5.0,0.0,True,,4.5,1486.0,12.36,,,68.0,Clorox Pro,,B09MJHJB3N (Clorox Pro - Sanitizing Hand Wipes - 270ct Canister - NDC# 69540-0036-4),[],True,False,False,True,Pro Hand Care,6231.0,B09MJHJB3N,2025-10-13,,,,,
In Stock,ACTIVE,0.436,717.0,12.36,58.0,133.0,5.0,0.0,True,,4.5,1484.0,12.36,,,68.0,Clorox Pro,,B09MJHJB3N (Clorox Pro - Sanitizing Hand Wipes - 270ct Canister - NDC# 69540-0036-4),[],True,False,False,True,Pro Hand Care,5464.0,B09MJHJB3N,2025-10-12,,,,,
In Stock,ACTIVE,0.518,729.0,12.35,59.0,114.0,5.0,0.0,True,,4.5,1481.0,12.42,,,65.0,Clorox Pro,,B09MJHJB3N (Clorox Pro - Sanitizing Hand Wipes - 270ct Canister - NDC# 69540-0036-4),[],True,False,False,True,Pro Hand Care,5183.0,B09MJHJB3N,2025-10-11,,,,,
In Stock,ACTIVE,0.816,960.0,12.0,80.0,98.0,5.0,0.0,True,,4.5,1480.0,12.4,,,69.0,Clorox Pro,,B09MJHJB3N (Clorox Pro - Sanitizing Hand Wipes - 270ct Canister - NDC# 69540-0036-4),[],True,False,False,True,Pro Hand Care,5162.0,B09MJHJB3N,2025-10-10,,,,,
In Stock,ACTIVE,0.828,1432.0,11.01,130.0,157.0,5.0,0.0,True,,4.5,1480.0,12.31,,,65.0,Clorox Pro,,B09MJHJB3N (Clorox Pro - Sanitizing Hand Wipes - 270ct Canister - NDC# 69540-0036-4),[],True,False,False,True,Pro Hand Care,5178.0,B09MJHJB3N,2025-10-09,,,,,
In Stock,ACTIVE,0.8740000000000001,1864.0,11.23,166.0,190.0,5.0,0.0,True,,4.5,1479.0,12.31,,,64.0,Clorox Pro,,B09MJHJB3N (Clorox Pro - Sanitizing Hand Wipes - 270ct Canister - NDC# 69540-0036-4),[],True,False,False,True,Pro Hand Care,5378.0,B09MJHJB3N,2025-10-08,,,,,
In Stock,ACTIVE,0.768,2067.0,12.02,172.0,224.0,5.0,0.0,True,,4.5,1480.0,12.33,,,69.0,Clorox Pro,,B09MJHJB3N (Clorox Pro - Sanitizing Hand Wipes - 270ct Canister - NDC# 69540-0036-4),[],True,False,True,True,Pro Hand Care,5206.0,B09MJHJB3N,2025-10-07,,,,,
In Stock,ACTIVE,1.246,1717.0,11.68,147.0,118.0,5.0,0.0,True,,4.5,1480.0,12.11,,,65.0,Clorox Pro,,B09MJHJB3N (Clorox Pro - Sanitizing Hand Wipes - 270ct Canister - NDC# 69540-0036-4),[],True,False,True,True,Pro Hand Care,5307.0,B09MJHJB3N,2025-10-06,,,,,
In Stock,ACTIVE,0.518,834.0,11.58,72.0,139.0,5.0,0.0,True,,4.5,1479.0,12.3,,,65.0,Clorox Pro,,B09MJHJB3N (Clorox Pro - Sanitizing Hand Wipes - 270ct Canister - NDC# 69540-0036-4),[],True,False,True,True,Pro Hand Care,5926.0,B09MJHJB3N,2025-10-05,,,,,
In Stock,ACTIVE,0.419,713.0,12.52,57.0,136.0,5.0,0.0,True,,4.5,1474.0,12.68,,,67.0,Clorox Pro,,B09MJHJB3N (Clorox Pro - Sanitizing Hand Wipes - 270ct Canister - NDC# 69540-0036-4),[],True,False,True,True,Pro Hand Care,5468.0,B09MJHJB3N,2025-10-04,,,,,
In Stock,ACTIVE,2.55,3795.0,9.3,408.0,160.0,5.0,0.0,True,,4.5,1474.0,12.68,,,70.0,Clorox Pro,,B09MJHJB3N (Clorox Pro - Sanitizing Hand Wipes - 270ct Canister - NDC# 69540-0036-4),[],True,False,True,True,Pro Hand Care,5298.0,B09MJHJB3N,2025-10-03,,,,,
In Stock,ACTIVE,0.685,1405.0,12.21,115.0,168.0,5.0,0.0,True,,4.5,1474.0,12.68,,,72.0,Clorox Pro,,B09MJHJB3N (Clorox Pro - Sanitizing Hand Wipes - 270ct Canister - NDC# 69540-0036-4),[],True,False,True,True,Pro Hand Care,5162.0,B09MJHJB3N,2025-10-02,,,,,
In Stock,ACTIVE,0.662,1159.0,12.33,94.0,142.0,5.0,0.0,True,,4.5,1474.0,12.89,,,72.0,Clorox Pro,,B09MJHJB3N (Clorox Pro - Sanitizing Hand Wipes - 270ct Canister - NDC# 69540-0036-4),[],True,False,True,True,Pro Hand Care,4809.0,B09MJHJB3N,2025-10-01,,,,,
In Stock,ACTIVE,0.75,1058.0,12.6,84.0,112.0,5.0,0.0,True,,4.5,1473.0,12.99,,,71.0,Clorox Pro,,B09MJHJB3N (Clorox Pro - Sanitizing Hand Wipes - 270ct Canister - NDC# 69540-0036-4),[],True,False,True,True,Pro Hand Care,4974.0,B09MJHJB3N,2025-09-30,,,,,
In Stock,ACTIVE,0.722,1182.0,12.31,96.0,133.0,5.0,0.0,True,,4.5,1470.0,12.99,,,72.0,Clorox Pro,,B09MJHJB3N (Clorox Pro - Sanitizing Hand Wipes - 270ct Canister - NDC# 69540-0036-4),[],True,False,True,True,Pro Hand Care,5901.0,B09MJHJB3N,2025-09-29,,,,,
In Stock,ACTIVE,0.7140000000000001,1170.0,12.31,95.0,133.0,5.0,0.0,True,,4.5,1470.0,12.99,,,69.0,Clorox Pro,,B09MJHJB3N (Clorox Pro - Sanitizing Hand Wipes - 270ct Canister - NDC# 69540-0036-4),[],True,False,True,True,Pro Hand Care,4951.0,B09MJHJB3N,2025-09-28,,,,,
In Stock,ACTIVE,0.478,701.0,12.99,54.0,113.0,5.0,0.0,True,,4.5,1470.0,12.99,,,67.0,Clorox Pro,,B09MJHJB3N (Clorox Pro - Sanitizing Hand Wipes - 270ct Canister - NDC# 69540-0036-4),[],True,False,True,True,Pro Hand Care,4702.0,B09MJHJB3N,2025-09-27,,,,,
In Stock,ACTIVE,0.583,1131.0,12.42,91.0,156.0,5.0,0.0,True,,4.5,1469.0,12.99,,,67.0,Clorox Pro,,B09MJHJB3N (Clorox Pro - Sanitizing Hand Wipes - 270ct Canister - NDC# 69540-0036-4),[],True,False,True,True,Pro Hand Care,4751.0,B09MJHJB3N,2025-09-26,,,,,
In Stock,ACTIVE,0.755,1364.0,12.63,108.0,143.0,5.0,0.0,True,,4.5,1469.0,12.99,,,68.0,Clorox Pro,,B09MJHJB3N (Clorox Pro - Sanitizing Hand Wipes - 270ct Canister - NDC# 69540-0036-4),[],True,False,True,True,Pro Hand Care,4808.0,B09MJHJB3N,2025-09-25,,,,,
In Stock,ACTIVE,0.818,1675.0,12.89,130.0,159.0,5.0,0.0,True,,4.5,1469.0,12.99,,,73.0,Clorox Pro,,B09MJHJB3N (Clorox Pro - Sanitizing Hand Wipes - 270ct Canister - NDC# 69540-0036-4),[],True,False,True,True,Pro Hand Care,4768.0,B09MJHJB3N,2025-09-24,,,,,
In Stock,ACTIVE,0.799,1541.0,12.53,123.0,154.0,5.0,0.0,True,,4.5,1469.0,12.99,,,73.0,Clorox Pro,,B09MJHJB3N (Clorox Pro - Sanitizing Hand Wipes - 270ct Canister - NDC# 69540-0036-4),[],True,False,True,True,Pro Hand Care,4735.0,B09MJHJB3N,2025-09-23,,,,,
In Stock,ACTIVE,0.6859999999999999,1469.0,12.66,116.0,169.0,5.0,0.0,True,,4.5,1468.0,12.99,,,70.0,Clorox Pro,,B09MJHJB3N (Clorox Pro - Sanitizing Hand Wipes - 270ct Canister - NDC# 69540-0036-4),[],True,False,True,True,Pro Hand Care,4902.0,B09MJHJB3N,2025-09-22,,,,,
In Stock,ACTIVE,0.5539999999999999,870.0,12.99,67.0,121.0,5.0,0.0,True,,4.5,1467.0,12.99,,,67.0,Clorox Pro,,B09MJHJB3N (Clorox Pro - Sanitizing Hand Wipes - 270ct Canister - NDC# 69540-0036-4),[],True,False,True,True,Pro Hand Care,4797.0,B09MJHJB3N,2025-09-21,,,,,
In Stock,ACTIVE,0.483,740.0,12.99,57.0,118.0,5.0,0.0,True,,4.5,1466.0,12.99,,,66.0,Clorox Pro,,B09MJHJB3N (Clorox Pro - Sanitizing Hand Wipes - 270ct Canister - NDC# 69540-0036-4),[],True,False,True,True,Pro Hand Care,4729.0,B09MJHJB3N,2025-09-20,,,,,
